mock/0/0: 3441687 -> 3441687 (+0)
mock/0/1: 3424106 -> 3424106 (+0)
mock/0/2: 3555754 -> 3555754 (+0)
mock/0/3: 3415023 -> 3415023 (+0)
mock/0/4: 3089264 -> 3089264 (+0)
positive/0/0: 4208039 -> 4208039 (+0)
positive/0/1: 4274939 -> 4274939 (+0)
positive/0/2: 3812209 -> 3812209 (+0)
positive/0/3: 3756237 -> 4140641 (+384404)
positive/0/4: 3219013 -> 3219013 (+0)
negative/0/0: -743582 -> -856475 (-112892)
negative/0/1: -823780 -> -864335 (-40555)
negative/0/2: -1210333 -> -971336 (+238997)
negative/0/3: -884857 -> -835948 (+48909)
negative/0/4: -757370 -> -1561377 (-804007)
null/0/0: -31356 -> -31356 (+0)
null/0/1: -83186 -> -83186 (+0)
null/0/2: -63562 -> -36568 (+26994)
null/0/3: -63320 -> -25480 (+37840)
null/0/4: -56004 -> -27268 (+28736)
mixed/701/0: 2731832 -> 2731832 (+0)
mixed/701/1: 2755831 -> 2755831 (+0)
mixed/701/2: 2486370 -> 2486370 (+0)
mixed/701/3: 2727629 -> 2822513 (+94885)
mixed/701/4: 1478051 -> 1478051 (+0)
sparse/701/0: 2045498 -> 2817487 (+771989)
sparse/701/1: 2808815 -> 2755258 (-53558)
sparse/701/2: 1390525 -> 1612250 (+221726)
sparse/701/3: 2457573 -> 2457317 (-256)
sparse/701/4: 959514 -> 952643 (-6870)
{
  "mock": {
    "runs": 5,
    "wins": 0,
    "losses": 0,
    "mean_delta": 0.0,
    "baseline": {
      "mean": 3385166.8674635836,
      "median": 3424106.0232850607,
      "min": 3089263.99192727,
      "negative": 0
    },
    "candidate": {
      "mean": 3385166.8674635836,
      "median": 3424106.0232850607,
      "min": 3089263.99192727,
      "negative": 0
    }
  },
  "positive": {
    "runs": 5,
    "wins": 1,
    "losses": 0,
    "mean_delta": 76880.71745981257,
    "baseline": {
      "mean": 3854087.3505043862,
      "median": 3812208.624628717,
      "min": 3219012.5476306435,
      "negative": 0
    },
    "candidate": {
      "mean": 3930968.067964199,
      "median": 4140640.760192481,
      "min": 3219012.5476306435,
      "negative": 0
    }
  },
  "negative": {
    "runs": 5,
    "wins": 2,
    "losses": 3,
    "mean_delta": -133909.7834977826,
    "baseline": {
      "mean": -883984.3465382897,
      "median": -823779.6248585967,
      "min": -1210332.884422618,
      "negative": 5
    },
    "candidate": {
      "mean": -1017894.1300360722,
      "median": -864334.7604623057,
      "min": -1561376.9397572496,
      "negative": 5
    }
  },
  "null": {
    "runs": 5,
    "wins": 3,
    "losses": 0,
    "mean_delta": 18714.0,
    "baseline": {
      "mean": -59485.6,
      "median": -63320.0,
      "min": -83186.0,
      "negative": 5
    },
    "candidate": {
      "mean": -40771.6,
      "median": -31356.0,
      "min": -83186.0,
      "negative": 5
    }
  },
  "mixed": {
    "runs": 5,
    "wins": 1,
    "losses": 0,
    "mean_delta": 18976.995708495564,
    "baseline": {
      "mean": 2435942.5848602126,
      "median": 2727628.504007915,
      "min": 1478051.3988176347,
      "negative": 0
    },
    "candidate": {
      "mean": 2454919.5805687085,
      "median": 2731832.383525941,
      "min": 1478051.3988176347,
      "negative": 0
    }
  },
  "sparse": {
    "runs": 5,
    "wins": 2,
    "losses": 3,
    "mean_delta": 186606.26492326643,
    "baseline": {
      "mean": 1932384.9403378821,
      "median": 2045497.6490026172,
      "min": 959513.7399228396,
      "negative": 0
    },
    "candidate": {
      "mean": 2118991.2052611485,
      "median": 2457317.2768320134,
      "min": 952643.3677998816,
      "negative": 0
    }
  }
}
