mock/0/0: 3441687 -> 2875133 (-566555)
mock/0/1: 3424106 -> 3284575 (-139531)
mock/0/2: 3555754 -> 3282955 (-272799)
mock/0/3: 3415023 -> 3293728 (-121295)
mock/0/4: 3089264 -> 2985233 (-104031)
positive/0/0: 4208039 -> 3205164 (-1002875)
positive/0/1: 4274939 -> 1812661 (-2462279)
positive/0/2: 3812209 -> 3168436 (-643772)
positive/0/3: 3756237 -> 2153599 (-1602638)
positive/0/4: 3219013 -> 3212454 (-6558)
negative/0/0: -743582 -> -743582 (+0)
negative/0/1: -823780 -> -823780 (+0)
negative/0/2: -1210333 -> -870186 (+340146)
negative/0/3: -884857 -> -871440 (+13417)
negative/0/4: -757370 -> -757370 (+0)
null/0/0: -31356 -> -25120 (+6236)
null/0/1: -83186 -> -25000 (+58186)
null/0/2: -63562 -> -52314 (+11248)
null/0/3: -63320 -> -25320 (+38000)
null/0/4: -56004 -> -31532 (+24472)
mixed/701/0: 2731832 -> 1486803 (-1245029)
mixed/701/1: 2755831 -> 2752665 (-3166)
mixed/701/2: 2486370 -> 2665432 (+179062)
mixed/701/3: 2727629 -> 2648689 (-78939)
mixed/701/4: 1478051 -> 1413190 (-64862)
sparse/701/0: 2045498 -> 2103336 (+57839)
sparse/701/1: 2808815 -> 2819468 (+10653)
sparse/701/2: 1390525 -> 2812038 (+1421513)
sparse/701/3: 2457573 -> 2816821 (+359247)
sparse/701/4: 959514 -> 2105202 (+1145688)
{
  "mock": {
    "runs": 5,
    "wins": 0,
    "losses": 5,
    "mean_delta": -240842.04999631364,
    "baseline": {
      "mean": 3385166.8674635836,
      "median": 3424106.0232850607,
      "min": 3089263.99192727,
      "negative": 0
    },
    "candidate": {
      "mean": 3144324.8174672695,
      "median": 3282954.942241434,
      "min": 2875132.7468268485,
      "negative": 0
    }
  },
  "positive": {
    "runs": 5,
    "wins": 0,
    "losses": 5,
    "mean_delta": -1143624.5335645182,
    "baseline": {
      "mean": 3854087.3505043862,
      "median": 3812208.624628717,
      "min": 3219012.5476306435,
      "negative": 0
    },
    "candidate": {
      "mean": 2710462.816939869,
      "median": 3168436.427033253,
      "min": 1812660.71678309,
      "negative": 0
    }
  },
  "negative": {
    "runs": 5,
    "wins": 2,
    "losses": 0,
    "mean_delta": 70712.59235984428,
    "baseline": {
      "mean": -883984.3465382897,
      "median": -823779.6248585967,
      "min": -1210332.884422618,
      "negative": 5
    },
    "candidate": {
      "mean": -813271.7541784454,
      "median": -823779.6248585967,
      "min": -871440.340831513,
      "negative": 5
    }
  },
  "null": {
    "runs": 5,
    "wins": 5,
    "losses": 0,
    "mean_delta": 27628.4,
    "baseline": {
      "mean": -59485.6,
      "median": -63320.0,
      "min": -83186.0,
      "negative": 5
    },
    "candidate": {
      "mean": -31857.2,
      "median": -25320.0,
      "min": -52314.0,
      "negative": 5
    }
  },
  "mixed": {
    "runs": 5,
    "wins": 1,
    "losses": 4,
    "mean_delta": -242586.76469117496,
    "baseline": {
      "mean": 2435942.5848602126,
      "median": 2727628.504007915,
      "min": 1478051.3988176347,
      "negative": 0
    },
    "candidate": {
      "mean": 2193355.820169038,
      "median": 2648689.325342546,
      "min": 1413189.6720125335,
      "negative": 0
    }
  },
  "sparse": {
    "runs": 5,
    "wins": 5,
    "losses": 0,
    "mean_delta": 598987.9377601689,
    "baseline": {
      "mean": 1932384.9403378821,
      "median": 2045497.6490026172,
      "min": 959513.7399228396,
      "negative": 0
    },
    "candidate": {
      "mean": 2531372.8780980506,
      "median": 2812037.5877776155,
      "min": 2103336.436937918,
      "negative": 0
    }
  }
}
