mock/0/0: 3441687 -> 3439877 (-1810)
mock/0/1: 3424106 -> 3565292 (+141186)
mock/0/2: 3555754 -> 3681325 (+125571)
mock/0/3: 3415023 -> 3561044 (+146021)
mock/0/4: 3089264 -> 3004607 (-84657)
positive/0/0: 4208039 -> 4570937 (+362898)
positive/0/1: 4274939 -> 3880767 (-394172)
positive/0/2: 3812209 -> 4328246 (+516038)
positive/0/3: 3756237 -> 4155319 (+399082)
positive/0/4: 3219013 -> 3890462 (+671449)
negative/0/0: -743582 -> -742152 (+1430)
negative/0/1: -823780 -> -822350 (+1430)
negative/0/2: -1210333 -> -997097 (+213236)
negative/0/3: -884857 -> -883427 (+1430)
negative/0/4: -757370 -> -755669 (+1701)
null/0/0: -31356 -> -25000 (+6356)
null/0/1: -83186 -> -26004 (+57182)
null/0/2: -63562 -> -51994 (+11568)
null/0/3: -63320 -> -26760 (+36560)
null/0/4: -56004 -> -60926 (-4922)
mixed/701/0: 2731832 -> 2965478 (+233646)
mixed/701/1: 2755831 -> 3329268 (+573437)
mixed/701/2: 2486370 -> 3397543 (+911174)
mixed/701/3: 2727629 -> 3578711 (+851082)
mixed/701/4: 1478051 -> 1608346 (+130295)
sparse/701/0: 2045498 -> 2843426 (+797929)
sparse/701/1: 2808815 -> 2808815 (+0)
sparse/701/2: 1390525 -> 1586339 (+195814)
sparse/701/3: 2457573 -> 2457253 (-320)
sparse/701/4: 959514 -> 1710181 (+750667)
{
  "mock": {
    "runs": 5,
    "wins": 3,
    "losses": 2,
    "mean_delta": 65262.18662188705,
    "baseline": {
      "mean": 3385166.8674635836,
      "median": 3424106.0232850607,
      "min": 3089263.99192727,
      "negative": 0
    },
    "candidate": {
      "mean": 3450429.0540854707,
      "median": 3561044.3838759894,
      "min": 3004606.6772773475,
      "negative": 0
    }
  },
  "positive": {
    "runs": 5,
    "wins": 4,
    "losses": 1,
    "mean_delta": 311058.8900392619,
    "baseline": {
      "mean": 3854087.3505043862,
      "median": 3812208.624628717,
      "min": 3219012.5476306435,
      "negative": 0
    },
    "candidate": {
      "mean": 4165146.2405436486,
      "median": 4155319.1146458266,
      "min": 3880767.0576992016,
      "negative": 0
    }
  },
  "negative": {
    "runs": 5,
    "wins": 5,
    "losses": 0,
    "mean_delta": 43845.311343433474,
    "baseline": {
      "mean": -883984.3465382897,
      "median": -823779.6248585967,
      "min": -1210332.884422618,
      "negative": 5
    },
    "candidate": {
      "mean": -840139.0351948561,
      "median": -822349.5901349923,
      "min": -997096.996756257,
      "negative": 5
    }
  },
  "null": {
    "runs": 5,
    "wins": 4,
    "losses": 1,
    "mean_delta": 21348.8,
    "baseline": {
      "mean": -59485.6,
      "median": -63320.0,
      "min": -83186.0,
      "negative": 5
    },
    "candidate": {
      "mean": -38136.8,
      "median": -26760.0,
      "min": -60926.0,
      "negative": 5
    }
  },
  "mixed": {
    "runs": 5,
    "wins": 5,
    "losses": 0,
    "mean_delta": 539926.7592326602,
    "baseline": {
      "mean": 2435942.5848602126,
      "median": 2727628.504007915,
      "min": 1478051.3988176347,
      "negative": 0
    },
    "candidate": {
      "mean": 2975869.3440928734,
      "median": 3329268.1642329674,
      "min": 1608346.3786346,
      "negative": 0
    }
  },
  "sparse": {
    "runs": 5,
    "wins": 3,
    "losses": 1,
    "mean_delta": 348817.9568175083,
    "baseline": {
      "mean": 1932384.9403378821,
      "median": 2045497.6490026172,
      "min": 959513.7399228396,
      "negative": 0
    },
    "candidate": {
      "mean": 2281202.89715539,
      "median": 2457253.1099874238,
      "min": 1586338.8370569614,
      "negative": 0
    }
  }
}
