mock/0/0: 3441687 -> 504850 (-2936837)
mock/0/1: 3424106 -> 873855 (-2550251)
mock/0/2: 3555754 -> 498123 (-3057630)
mock/0/3: 3415023 -> 767318 (-2647705)
mock/0/4: 3089264 -> 944829 (-2144435)
positive/0/0: 4208039 -> 2408497 (-1799542)
positive/0/1: 4274939 -> 2665481 (-1609458)
positive/0/2: 3812209 -> 2385635 (-1426574)
positive/0/3: 3756237 -> 2383175 (-1373062)
positive/0/4: 3219013 -> 2360921 (-858092)
negative/0/0: -743582 -> -621326 (+122256)
negative/0/1: -823780 -> -556887 (+266892)
negative/0/2: -1210333 -> -571301 (+639031)
negative/0/3: -884857 -> -556010 (+328847)
negative/0/4: -757370 -> -670374 (+86996)
null/0/0: -31356 -> -25040 (+6316)
null/0/1: -83186 -> -62880 (+20306)
null/0/2: -63562 -> -98054 (-34492)
null/0/3: -63320 -> -24928 (+38392)
null/0/4: -56004 -> -24984 (+31020)
mixed/701/0: 2731832 -> 3843699 (+1111867)
mixed/701/1: 2755831 -> 4057586 (+1301755)
mixed/701/2: 2486370 -> 4057737 (+1571367)
mixed/701/3: 2727629 -> 3953023 (+1225395)
mixed/701/4: 1478051 -> 1479081 (+1030)
sparse/701/0: 2045498 -> 2327225 (+281727)
sparse/701/1: 2808815 -> 2326354 (-482461)
sparse/701/2: 1390525 -> 2302831 (+912306)
sparse/701/3: 2457573 -> 3129219 (+671646)
sparse/701/4: 959514 -> 3140905 (+2181392)
{
  "mock": {
    "runs": 5,
    "wins": 0,
    "losses": 5,
    "mean_delta": -2667371.6451461967,
    "baseline": {
      "mean": 3385166.8674635836,
      "median": 3424106.0232850607,
      "min": 3089263.99192727,
      "negative": 0
    },
    "candidate": {
      "mean": 717795.2223173869,
      "median": 767318.3352553904,
      "min": 498123.09170654323,
      "negative": 0
    }
  },
  "positive": {
    "runs": 5,
    "wins": 0,
    "losses": 5,
    "mean_delta": -1413345.6393033732,
    "baseline": {
      "mean": 3854087.3505043862,
      "median": 3812208.624628717,
      "min": 3219012.5476306435,
      "negative": 0
    },
    "candidate": {
      "mean": 2440741.711201013,
      "median": 2385634.655522638,
      "min": 2360920.7653401513,
      "negative": 0
    }
  },
  "negative": {
    "runs": 5,
    "wins": 5,
    "losses": 0,
    "mean_delta": 288804.6256157947,
    "baseline": {
      "mean": -883984.3465382897,
      "median": -823779.6248585967,
      "min": -1210332.884422618,
      "negative": 5
    },
    "candidate": {
      "mean": -595179.720922495,
      "median": -571301.4721858602,
      "min": -670373.8572220186,
      "negative": 5
    }
  },
  "null": {
    "runs": 5,
    "wins": 4,
    "losses": 1,
    "mean_delta": 12308.4,
    "baseline": {
      "mean": -59485.6,
      "median": -63320.0,
      "min": -83186.0,
      "negative": 5
    },
    "candidate": {
      "mean": -47177.2,
      "median": -25040.0,
      "min": -98054.0,
      "negative": 5
    }
  },
  "mixed": {
    "runs": 5,
    "wins": 5,
    "losses": 0,
    "mean_delta": 1042282.6697349462,
    "baseline": {
      "mean": 2435942.5848602126,
      "median": 2727628.504007915,
      "min": 1478051.3988176347,
      "negative": 0
    },
    "candidate": {
      "mean": 3478225.254595159,
      "median": 3953023.404154161,
      "min": 1479080.970679575,
      "negative": 0
    }
  },
  "sparse": {
    "runs": 5,
    "wins": 4,
    "losses": 1,
    "mean_delta": 712921.7682448493,
    "baseline": {
      "mean": 1932384.9403378821,
      "median": 2045497.6490026172,
      "min": 959513.7399228396,
      "negative": 0
    },
    "candidate": {
      "mean": 2645306.7085827314,
      "median": 2327224.563737845,
      "min": 2302830.6863252176,
      "negative": 0
    }
  }
}
