mock/0/0: 3441687 -> 3558058 (+116371)
mock/0/1: 3424106 -> 3574605 (+150499)
mock/0/2: 3555754 -> 3518447 (-37307)
mock/0/3: 3415023 -> 3565523 (+150499)
mock/0/4: 3089264 -> 3004965 (-84299)
positive/0/0: 4208039 -> 5034552 (+826513)
positive/0/1: 4274939 -> 5119935 (+844995)
positive/0/2: 3812209 -> 4532875 (+720666)
positive/0/3: 3756237 -> 4575398 (+819160)
positive/0/4: 3219013 -> 3915431 (+696419)
negative/0/0: -743582 -> -742152 (+1430)
negative/0/1: -823780 -> -822350 (+1430)
negative/0/2: -1210333 -> -1082797 (+127536)
negative/0/3: -884857 -> -890078 (-5221)
negative/0/4: -757370 -> -755669 (+1701)
null/0/0: -31356 -> -50888 (-19532)
null/0/1: -83186 -> -98314 (-15128)
null/0/2: -63562 -> -92458 (-28896)
null/0/3: -63320 -> -50790 (+12530)
null/0/4: -56004 -> -87666 (-31662)
mixed/701/0: 2731832 -> 3647187 (+915355)
mixed/701/1: 2755831 -> 3652318 (+896487)
mixed/701/2: 2486370 -> 3397543 (+911174)
mixed/701/3: 2727629 -> 3578591 (+850962)
mixed/701/4: 1478051 -> 1648306 (+170255)
sparse/701/0: 2045498 -> 2842067 (+796570)
sparse/701/1: 2808815 -> 2789258 (-19557)
sparse/701/2: 1390525 -> 1349695 (-40830)
sparse/701/3: 2457573 -> 2325145 (-132428)
sparse/701/4: 959514 -> 1318734 (+359220)
{
  "mock": {
    "runs": 5,
    "wins": 3,
    "losses": 2,
    "mean_delta": 59152.64642107915,
    "baseline": {
      "mean": 3385166.8674635836,
      "median": 3424106.0232850607,
      "min": 3089263.99192727,
      "negative": 0
    },
    "candidate": {
      "mean": 3444319.5138846627,
      "median": 3558057.867090054,
      "min": 3004964.966772572,
      "negative": 0
    }
  },
  "positive": {
    "runs": 5,
    "wins": 5,
    "losses": 0,
    "mean_delta": 781550.640683009,
    "baseline": {
      "mean": 3854087.3505043862,
      "median": 3812208.624628717,
      "min": 3219012.5476306435,
      "negative": 0
    },
    "candidate": {
      "mean": 4635637.9911873955,
      "median": 4575397.5266510565,
      "min": 3915431.08568891,
      "negative": 0
    }
  },
  "negative": {
    "runs": 5,
    "wins": 4,
    "losses": 1,
    "mean_delta": 25375.068962252488,
    "baseline": {
      "mean": -883984.3465382897,
      "median": -823779.6248585967,
      "min": -1210332.884422618,
      "negative": 5
    },
    "candidate": {
      "mean": -858609.2775760371,
      "median": -822349.5901349923,
      "min": -1082797.214028745,
      "negative": 5
    }
  },
  "null": {
    "runs": 5,
    "wins": 1,
    "losses": 4,
    "mean_delta": -16537.6,
    "baseline": {
      "mean": -59485.6,
      "median": -63320.0,
      "min": -83186.0,
      "negative": 5
    },
    "candidate": {
      "mean": -76023.2,
      "median": -87666.0,
      "min": -98314.0,
      "negative": 5
    }
  },
  "mixed": {
    "runs": 5,
    "wins": 5,
    "losses": 0,
    "mean_delta": 748846.2693512858,
    "baseline": {
      "mean": 2435942.5848602126,
      "median": 2727628.504007915,
      "min": 1478051.3988176347,
      "negative": 0
    },
    "candidate": {
      "mean": 3184788.854211499,
      "median": 3578590.575064616,
      "min": 1648306.019480505,
      "negative": 0
    }
  },
  "sparse": {
    "runs": 5,
    "wins": 2,
    "losses": 3,
    "mean_delta": 192594.9286340818,
    "baseline": {
      "mean": 1932384.9403378821,
      "median": 2045497.6490026172,
      "min": 959513.7399228396,
      "negative": 0
    },
    "candidate": {
      "mean": 2124979.868971964,
      "median": 2325145.03583765,
      "min": 1318733.8512939448,
      "negative": 0
    }
  }
}
